// Jest Snapshot v1, https://goo.gl/fbAQLP

exports[`exports the AD flag 1`] = `
<img
  src="test-file-stub"
/>
`;

exports[`exports the AE flag 1`] = `
<img
  src="test-file-stub"
/>
`;

exports[`exports the AF flag 1`] = `
<img
  src="test-file-stub"
/>
`;

exports[`exports the AG flag 1`] = `
<img
  src="test-file-stub"
/>
`;

exports[`exports the AI flag 1`] = `
<img
  src="test-file-stub"
/>
`;

exports[`exports the AL flag 1`] = `
<img
  src="test-file-stub"
/>
`;

exports[`exports the AM flag 1`] = `
<img
  src="test-file-stub"
/>
`;

exports[`exports the AN flag 1`] = `
<img
  src="test-file-stub"
/>
`;

exports[`exports the AO flag 1`] = `
<img
  src="test-file-stub"
/>
`;

exports[`exports the AQ flag 1`] = `
<img
  src="test-file-stub"
/>
`;

exports[`exports the AR flag 1`] = `
<img
  src="test-file-stub"
/>
`;

exports[`exports the AS flag 1`] = `
<img
  src="test-file-stub"
/>
`;

exports[`exports the AT flag 1`] = `
<img
  src="test-file-stub"
/>
`;

exports[`exports the AU flag 1`] = `
<img
  src="test-file-stub"
/>
`;

exports[`exports the AW flag 1`] = `
<img
  src="test-file-stub"
/>
`;

exports[`exports the AX flag 1`] = `
<img
  src="test-file-stub"
/>
`;

exports[`exports the AZ flag 1`] = `
<img
  src="test-file-stub"
/>
`;

exports[`exports the BA flag 1`] = `
<img
  src="test-file-stub"
/>
`;

exports[`exports the BB flag 1`] = `
<img
  src="test-file-stub"
/>
`;

exports[`exports the BD flag 1`] = `
<img
  src="test-file-stub"
/>
`;

exports[`exports the BE flag 1`] = `
<img
  src="test-file-stub"
/>
`;

exports[`exports the BF flag 1`] = `
<img
  src="test-file-stub"
/>
`;

exports[`exports the BG flag 1`] = `
<img
  src="test-file-stub"
/>
`;

exports[`exports the BH flag 1`] = `
<img
  src="test-file-stub"
/>
`;

exports[`exports the BI flag 1`] = `
<img
  src="test-file-stub"
/>
`;

exports[`exports the BJ flag 1`] = `
<img
  src="test-file-stub"
/>
`;

exports[`exports the BL flag 1`] = `
<img
  src="test-file-stub"
/>
`;

exports[`exports the BM flag 1`] = `
<img
  src="test-file-stub"
/>
`;

exports[`exports the BN flag 1`] = `
<img
  src="test-file-stub"
/>
`;

exports[`exports the BO flag 1`] = `
<img
  src="test-file-stub"
/>
`;

exports[`exports the BQ flag 1`] = `
<img
  src="test-file-stub"
/>
`;

exports[`exports the BR flag 1`] = `
<img
  src="test-file-stub"
/>
`;

exports[`exports the BS flag 1`] = `
<img
  src="test-file-stub"
/>
`;

exports[`exports the BT flag 1`] = `
<img
  src="test-file-stub"
/>
`;

exports[`exports the BV flag 1`] = `
<img
  src="test-file-stub"
/>
`;

exports[`exports the BW flag 1`] = `
<img
  src="test-file-stub"
/>
`;

exports[`exports the BY flag 1`] = `
<img
  src="test-file-stub"
/>
`;

exports[`exports the BZ flag 1`] = `
<img
  src="test-file-stub"
/>
`;

exports[`exports the CA flag 1`] = `
<img
  src="test-file-stub"
/>
`;

exports[`exports the CC flag 1`] = `
<img
  src="test-file-stub"
/>
`;

exports[`exports the CD flag 1`] = `
<img
  src="test-file-stub"
/>
`;

exports[`exports the CF flag 1`] = `
<img
  src="test-file-stub"
/>
`;

exports[`exports the CG flag 1`] = `
<img
  src="test-file-stub"
/>
`;

exports[`exports the CH flag 1`] = `
<img
  src="test-file-stub"
/>
`;

exports[`exports the CI flag 1`] = `
<img
  src="test-file-stub"
/>
`;

exports[`exports the CK flag 1`] = `
<img
  src="test-file-stub"
/>
`;

exports[`exports the CL flag 1`] = `
<img
  src="test-file-stub"
/>
`;

exports[`exports the CM flag 1`] = `
<img
  src="test-file-stub"
/>
`;

exports[`exports the CN flag 1`] = `
<img
  src="test-file-stub"
/>
`;

exports[`exports the CO flag 1`] = `
<img
  src="test-file-stub"
/>
`;

exports[`exports the CR flag 1`] = `
<img
  src="test-file-stub"
/>
`;

exports[`exports the CU flag 1`] = `
<img
  src="test-file-stub"
/>
`;

exports[`exports the CV flag 1`] = `
<img
  src="test-file-stub"
/>
`;

exports[`exports the CW flag 1`] = `
<img
  src="test-file-stub"
/>
`;

exports[`exports the CX flag 1`] = `
<img
  src="test-file-stub"
/>
`;

exports[`exports the CY flag 1`] = `
<img
  src="test-file-stub"
/>
`;

exports[`exports the CZ flag 1`] = `
<img
  src="test-file-stub"
/>
`;

exports[`exports the DE flag 1`] = `
<img
  src="test-file-stub"
/>
`;

exports[`exports the DJ flag 1`] = `
<img
  src="test-file-stub"
/>
`;

exports[`exports the DK flag 1`] = `
<img
  src="test-file-stub"
/>
`;

exports[`exports the DM flag 1`] = `
<img
  src="test-file-stub"
/>
`;

exports[`exports the DO flag 1`] = `
<img
  src="test-file-stub"
/>
`;

exports[`exports the DZ flag 1`] = `
<img
  src="test-file-stub"
/>
`;

exports[`exports the EC flag 1`] = `
<img
  src="test-file-stub"
/>
`;

exports[`exports the EE flag 1`] = `
<img
  src="test-file-stub"
/>
`;

exports[`exports the EG flag 1`] = `
<img
  src="test-file-stub"
/>
`;

exports[`exports the EH flag 1`] = `
<img
  src="test-file-stub"
/>
`;

exports[`exports the ER flag 1`] = `
<img
  src="test-file-stub"
/>
`;

exports[`exports the ES flag 1`] = `
<img
  src="test-file-stub"
/>
`;

exports[`exports the ET flag 1`] = `
<img
  src="test-file-stub"
/>
`;

exports[`exports the EU flag 1`] = `
<img
  src="test-file-stub"
/>
`;

exports[`exports the FI flag 1`] = `
<img
  src="test-file-stub"
/>
`;

exports[`exports the FJ flag 1`] = `
<img
  src="test-file-stub"
/>
`;

exports[`exports the FK flag 1`] = `
<img
  src="test-file-stub"
/>
`;

exports[`exports the FM flag 1`] = `
<img
  src="test-file-stub"
/>
`;

exports[`exports the FO flag 1`] = `
<img
  src="test-file-stub"
/>
`;

exports[`exports the FR flag 1`] = `
<img
  src="test-file-stub"
/>
`;

exports[`exports the GA flag 1`] = `
<img
  src="test-file-stub"
/>
`;

exports[`exports the GB flag 1`] = `
<img
  src="test-file-stub"
/>
`;

exports[`exports the GB-ENG flag 1`] = `
<img
  src="test-file-stub"
/>
`;

exports[`exports the GB-NIR flag 1`] = `
<img
  src="test-file-stub"
/>
`;

exports[`exports the GB-SCT flag 1`] = `
<img
  src="test-file-stub"
/>
`;

exports[`exports the GB-WLS flag 1`] = `
<img
  src="test-file-stub"
/>
`;

exports[`exports the GD flag 1`] = `
<img
  src="test-file-stub"
/>
`;

exports[`exports the GE flag 1`] = `
<img
  src="test-file-stub"
/>
`;

exports[`exports the GF flag 1`] = `
<img
  src="test-file-stub"
/>
`;

exports[`exports the GG flag 1`] = `
<img
  src="test-file-stub"
/>
`;

exports[`exports the GH flag 1`] = `
<img
  src="test-file-stub"
/>
`;

exports[`exports the GI flag 1`] = `
<img
  src="test-file-stub"
/>
`;

exports[`exports the GL flag 1`] = `
<img
  src="test-file-stub"
/>
`;

exports[`exports the GM flag 1`] = `
<img
  src="test-file-stub"
/>
`;

exports[`exports the GN flag 1`] = `
<img
  src="test-file-stub"
/>
`;

exports[`exports the GP flag 1`] = `
<img
  src="test-file-stub"
/>
`;

exports[`exports the GQ flag 1`] = `
<img
  src="test-file-stub"
/>
`;

exports[`exports the GR flag 1`] = `
<img
  src="test-file-stub"
/>
`;

exports[`exports the GS flag 1`] = `
<img
  src="test-file-stub"
/>
`;

exports[`exports the GT flag 1`] = `
<img
  src="test-file-stub"
/>
`;

exports[`exports the GU flag 1`] = `
<img
  src="test-file-stub"
/>
`;

exports[`exports the GW flag 1`] = `
<img
  src="test-file-stub"
/>
`;

exports[`exports the GY flag 1`] = `
<img
  src="test-file-stub"
/>
`;

exports[`exports the HK flag 1`] = `
<img
  src="test-file-stub"
/>
`;

exports[`exports the HM flag 1`] = `
<img
  src="test-file-stub"
/>
`;

exports[`exports the HN flag 1`] = `
<img
  src="test-file-stub"
/>
`;

exports[`exports the HR flag 1`] = `
<img
  src="test-file-stub"
/>
`;

exports[`exports the HT flag 1`] = `
<img
  src="test-file-stub"
/>
`;

exports[`exports the HU flag 1`] = `
<img
  src="test-file-stub"
/>
`;

exports[`exports the ID flag 1`] = `
<img
  src="test-file-stub"
/>
`;

exports[`exports the IE flag 1`] = `
<img
  src="test-file-stub"
/>
`;

exports[`exports the IL flag 1`] = `
<img
  src="test-file-stub"
/>
`;

exports[`exports the IM flag 1`] = `
<img
  src="test-file-stub"
/>
`;

exports[`exports the IN flag 1`] = `
<img
  src="test-file-stub"
/>
`;

exports[`exports the IO flag 1`] = `
<img
  src="test-file-stub"
/>
`;

exports[`exports the IQ flag 1`] = `
<img
  src="test-file-stub"
/>
`;

exports[`exports the IR flag 1`] = `
<img
  src="test-file-stub"
/>
`;

exports[`exports the IS flag 1`] = `
<img
  src="test-file-stub"
/>
`;

exports[`exports the IT flag 1`] = `
<img
  src="test-file-stub"
/>
`;

exports[`exports the JE flag 1`] = `
<img
  src="test-file-stub"
/>
`;

exports[`exports the JM flag 1`] = `
<img
  src="test-file-stub"
/>
`;

exports[`exports the JO flag 1`] = `
<img
  src="test-file-stub"
/>
`;

exports[`exports the JP flag 1`] = `
<img
  src="test-file-stub"
/>
`;

exports[`exports the KE flag 1`] = `
<img
  src="test-file-stub"
/>
`;

exports[`exports the KG flag 1`] = `
<img
  src="test-file-stub"
/>
`;

exports[`exports the KH flag 1`] = `
<img
  src="test-file-stub"
/>
`;

exports[`exports the KI flag 1`] = `
<img
  src="test-file-stub"
/>
`;

exports[`exports the KM flag 1`] = `
<img
  src="test-file-stub"
/>
`;

exports[`exports the KN flag 1`] = `
<img
  src="test-file-stub"
/>
`;

exports[`exports the KP flag 1`] = `
<img
  src="test-file-stub"
/>
`;

exports[`exports the KR flag 1`] = `
<img
  src="test-file-stub"
/>
`;

exports[`exports the KW flag 1`] = `
<img
  src="test-file-stub"
/>
`;

exports[`exports the KY flag 1`] = `
<img
  src="test-file-stub"
/>
`;

exports[`exports the KZ flag 1`] = `
<img
  src="test-file-stub"
/>
`;

exports[`exports the LA flag 1`] = `
<img
  src="test-file-stub"
/>
`;

exports[`exports the LB flag 1`] = `
<img
  src="test-file-stub"
/>
`;

exports[`exports the LC flag 1`] = `
<img
  src="test-file-stub"
/>
`;

exports[`exports the LI flag 1`] = `
<img
  src="test-file-stub"
/>
`;

exports[`exports the LK flag 1`] = `
<img
  src="test-file-stub"
/>
`;

exports[`exports the LR flag 1`] = `
<img
  src="test-file-stub"
/>
`;

exports[`exports the LS flag 1`] = `
<img
  src="test-file-stub"
/>
`;

exports[`exports the LT flag 1`] = `
<img
  src="test-file-stub"
/>
`;

exports[`exports the LU flag 1`] = `
<img
  src="test-file-stub"
/>
`;

exports[`exports the LV flag 1`] = `
<img
  src="test-file-stub"
/>
`;

exports[`exports the LY flag 1`] = `
<img
  src="test-file-stub"
/>
`;

exports[`exports the MA flag 1`] = `
<img
  src="test-file-stub"
/>
`;

exports[`exports the MC flag 1`] = `
<img
  src="test-file-stub"
/>
`;

exports[`exports the MD flag 1`] = `
<img
  src="test-file-stub"
/>
`;

exports[`exports the ME flag 1`] = `
<img
  src="test-file-stub"
/>
`;

exports[`exports the MF flag 1`] = `
<img
  src="test-file-stub"
/>
`;

exports[`exports the MG flag 1`] = `
<img
  src="test-file-stub"
/>
`;

exports[`exports the MH flag 1`] = `
<img
  src="test-file-stub"
/>
`;

exports[`exports the MK flag 1`] = `
<img
  src="test-file-stub"
/>
`;

exports[`exports the ML flag 1`] = `
<img
  src="test-file-stub"
/>
`;

exports[`exports the MM flag 1`] = `
<img
  src="test-file-stub"
/>
`;

exports[`exports the MN flag 1`] = `
<img
  src="test-file-stub"
/>
`;

exports[`exports the MO flag 1`] = `
<img
  src="test-file-stub"
/>
`;

exports[`exports the MP flag 1`] = `
<img
  src="test-file-stub"
/>
`;

exports[`exports the MQ flag 1`] = `
<img
  src="test-file-stub"
/>
`;

exports[`exports the MR flag 1`] = `
<img
  src="test-file-stub"
/>
`;

exports[`exports the MS flag 1`] = `
<img
  src="test-file-stub"
/>
`;

exports[`exports the MT flag 1`] = `
<img
  src="test-file-stub"
/>
`;

exports[`exports the MU flag 1`] = `
<img
  src="test-file-stub"
/>
`;

exports[`exports the MV flag 1`] = `
<img
  src="test-file-stub"
/>
`;

exports[`exports the MW flag 1`] = `
<img
  src="test-file-stub"
/>
`;

exports[`exports the MX flag 1`] = `
<img
  src="test-file-stub"
/>
`;

exports[`exports the MY flag 1`] = `
<img
  src="test-file-stub"
/>
`;

exports[`exports the MZ flag 1`] = `
<img
  src="test-file-stub"
/>
`;

exports[`exports the NA flag 1`] = `
<img
  src="test-file-stub"
/>
`;

exports[`exports the NC flag 1`] = `
<img
  src="test-file-stub"
/>
`;

exports[`exports the NE flag 1`] = `
<img
  src="test-file-stub"
/>
`;

exports[`exports the NF flag 1`] = `
<img
  src="test-file-stub"
/>
`;

exports[`exports the NG flag 1`] = `
<img
  src="test-file-stub"
/>
`;

exports[`exports the NI flag 1`] = `
<img
  src="test-file-stub"
/>
`;

exports[`exports the NL flag 1`] = `
<img
  src="test-file-stub"
/>
`;

exports[`exports the NO flag 1`] = `
<img
  src="test-file-stub"
/>
`;

exports[`exports the NP flag 1`] = `
<img
  src="test-file-stub"
/>
`;

exports[`exports the NR flag 1`] = `
<img
  src="test-file-stub"
/>
`;

exports[`exports the NU flag 1`] = `
<img
  src="test-file-stub"
/>
`;

exports[`exports the NZ flag 1`] = `
<img
  src="test-file-stub"
/>
`;

exports[`exports the OM flag 1`] = `
<img
  src="test-file-stub"
/>
`;

exports[`exports the PA flag 1`] = `
<img
  src="test-file-stub"
/>
`;

exports[`exports the PE flag 1`] = `
<img
  src="test-file-stub"
/>
`;

exports[`exports the PF flag 1`] = `
<img
  src="test-file-stub"
/>
`;

exports[`exports the PG flag 1`] = `
<img
  src="test-file-stub"
/>
`;

exports[`exports the PH flag 1`] = `
<img
  src="test-file-stub"
/>
`;

exports[`exports the PK flag 1`] = `
<img
  src="test-file-stub"
/>
`;

exports[`exports the PL flag 1`] = `
<img
  src="test-file-stub"
/>
`;

exports[`exports the PM flag 1`] = `
<img
  src="test-file-stub"
/>
`;

exports[`exports the PN flag 1`] = `
<img
  src="test-file-stub"
/>
`;

exports[`exports the PR flag 1`] = `
<img
  src="test-file-stub"
/>
`;

exports[`exports the PS flag 1`] = `
<img
  src="test-file-stub"
/>
`;

exports[`exports the PT flag 1`] = `
<img
  src="test-file-stub"
/>
`;

exports[`exports the PW flag 1`] = `
<img
  src="test-file-stub"
/>
`;

exports[`exports the PY flag 1`] = `
<img
  src="test-file-stub"
/>
`;

exports[`exports the QA flag 1`] = `
<img
  src="test-file-stub"
/>
`;

exports[`exports the RE flag 1`] = `
<img
  src="test-file-stub"
/>
`;

exports[`exports the RO flag 1`] = `
<img
  src="test-file-stub"
/>
`;

exports[`exports the RS flag 1`] = `
<img
  src="test-file-stub"
/>
`;

exports[`exports the RU flag 1`] = `
<img
  src="test-file-stub"
/>
`;

exports[`exports the RW flag 1`] = `
<img
  src="test-file-stub"
/>
`;

exports[`exports the SA flag 1`] = `
<img
  src="test-file-stub"
/>
`;

exports[`exports the SB flag 1`] = `
<img
  src="test-file-stub"
/>
`;

exports[`exports the SC flag 1`] = `
<img
  src="test-file-stub"
/>
`;

exports[`exports the SD flag 1`] = `
<img
  src="test-file-stub"
/>
`;

exports[`exports the SE flag 1`] = `
<img
  src="test-file-stub"
/>
`;

exports[`exports the SG flag 1`] = `
<img
  src="test-file-stub"
/>
`;

exports[`exports the SH flag 1`] = `
<img
  src="test-file-stub"
/>
`;

exports[`exports the SI flag 1`] = `
<img
  src="test-file-stub"
/>
`;

exports[`exports the SJ flag 1`] = `
<img
  src="test-file-stub"
/>
`;

exports[`exports the SK flag 1`] = `
<img
  src="test-file-stub"
/>
`;

exports[`exports the SL flag 1`] = `
<img
  src="test-file-stub"
/>
`;

exports[`exports the SM flag 1`] = `
<img
  src="test-file-stub"
/>
`;

exports[`exports the SN flag 1`] = `
<img
  src="test-file-stub"
/>
`;

exports[`exports the SO flag 1`] = `
<img
  src="test-file-stub"
/>
`;

exports[`exports the SR flag 1`] = `
<img
  src="test-file-stub"
/>
`;

exports[`exports the SS flag 1`] = `
<img
  src="test-file-stub"
/>
`;

exports[`exports the ST flag 1`] = `
<img
  src="test-file-stub"
/>
`;

exports[`exports the SV flag 1`] = `
<img
  src="test-file-stub"
/>
`;

exports[`exports the SX flag 1`] = `
<img
  src="test-file-stub"
/>
`;

exports[`exports the SY flag 1`] = `
<img
  src="test-file-stub"
/>
`;

exports[`exports the SZ flag 1`] = `
<img
  src="test-file-stub"
/>
`;

exports[`exports the TC flag 1`] = `
<img
  src="test-file-stub"
/>
`;

exports[`exports the TD flag 1`] = `
<img
  src="test-file-stub"
/>
`;

exports[`exports the TF flag 1`] = `
<img
  src="test-file-stub"
/>
`;

exports[`exports the TG flag 1`] = `
<img
  src="test-file-stub"
/>
`;

exports[`exports the TH flag 1`] = `
<img
  src="test-file-stub"
/>
`;

exports[`exports the TJ flag 1`] = `
<img
  src="test-file-stub"
/>
`;

exports[`exports the TK flag 1`] = `
<img
  src="test-file-stub"
/>
`;

exports[`exports the TL flag 1`] = `
<img
  src="test-file-stub"
/>
`;

exports[`exports the TM flag 1`] = `
<img
  src="test-file-stub"
/>
`;

exports[`exports the TN flag 1`] = `
<img
  src="test-file-stub"
/>
`;

exports[`exports the TO flag 1`] = `
<img
  src="test-file-stub"
/>
`;

exports[`exports the TR flag 1`] = `
<img
  src="test-file-stub"
/>
`;

exports[`exports the TT flag 1`] = `
<img
  src="test-file-stub"
/>
`;

exports[`exports the TV flag 1`] = `
<img
  src="test-file-stub"
/>
`;

exports[`exports the TW flag 1`] = `
<img
  src="test-file-stub"
/>
`;

exports[`exports the TZ flag 1`] = `
<img
  src="test-file-stub"
/>
`;

exports[`exports the UA flag 1`] = `
<img
  src="test-file-stub"
/>
`;

exports[`exports the UG flag 1`] = `
<img
  src="test-file-stub"
/>
`;

exports[`exports the UM flag 1`] = `
<img
  src="test-file-stub"
/>
`;

exports[`exports the US flag 1`] = `
<img
  src="test-file-stub"
/>
`;

exports[`exports the UY flag 1`] = `
<img
  src="test-file-stub"
/>
`;

exports[`exports the UZ flag 1`] = `
<img
  src="test-file-stub"
/>
`;

exports[`exports the VA flag 1`] = `
<img
  src="test-file-stub"
/>
`;

exports[`exports the VC flag 1`] = `
<img
  src="test-file-stub"
/>
`;

exports[`exports the VE flag 1`] = `
<img
  src="test-file-stub"
/>
`;

exports[`exports the VG flag 1`] = `
<img
  src="test-file-stub"
/>
`;

exports[`exports the VI flag 1`] = `
<img
  src="test-file-stub"
/>
`;

exports[`exports the VN flag 1`] = `
<img
  src="test-file-stub"
/>
`;

exports[`exports the VU flag 1`] = `
<img
  src="test-file-stub"
/>
`;

exports[`exports the WF flag 1`] = `
<img
  src="test-file-stub"
/>
`;

exports[`exports the WS flag 1`] = `
<img
  src="test-file-stub"
/>
`;

exports[`exports the XK flag 1`] = `
<img
  src="test-file-stub"
/>
`;

exports[`exports the YE flag 1`] = `
<img
  src="test-file-stub"
/>
`;

exports[`exports the YT flag 1`] = `
<img
  src="test-file-stub"
/>
`;

exports[`exports the ZA flag 1`] = `
<img
  src="test-file-stub"
/>
`;

exports[`exports the ZM flag 1`] = `
<img
  src="test-file-stub"
/>
`;

exports[`exports the ZW flag 1`] = `
<img
  src="test-file-stub"
/>
`;

exports[`renders a fallback flag correctly 1`] = `
<span>
  Does not exist.
</span>
`;

exports[`renders nothing if code does not exist 1`] = `null`;

exports[`renders the norwegian flag correctly 1`] = `
<img
  height="42"
  src="test-file-stub"
/>
`;
